2026-03-01 01:09:28,013 - INFO - Adding job tentatively -- it will be properly scheduled when the scheduler starts
2026-03-01 01:09:28,014 - INFO - ETL Started
2026-03-01 01:09:28,655 - INFO - ETL Completed Successfully
2026-03-01 01:09:28,660 - INFO - Added job "run_etl" to job store "default"
2026-03-01 01:09:28,660 - INFO - Scheduler started
2026-03-01 01:11:33,937 - INFO - Adding job tentatively -- it will be properly scheduled when the scheduler starts
2026-03-01 01:11:33,938 - INFO - ETL Started
2026-03-01 01:11:34,881 - INFO - ETL Completed Successfully
2026-03-01 01:11:34,883 - INFO - Added job "run_etl" to job store "default"
2026-03-01 01:11:34,883 - INFO - Scheduler started
2026-03-01 01:13:41,382 - INFO - Adding job tentatively -- it will be properly scheduled when the scheduler starts
2026-03-01 01:13:41,383 - INFO - ETL Started
2026-03-01 01:13:42,427 - INFO - ETL Completed Successfully
2026-03-01 01:13:42,430 - INFO - Added job "run_etl" to job store "default"
2026-03-01 01:13:42,430 - INFO - Scheduler started
2026-03-01 01:22:48,426 - INFO - Adding job tentatively -- it will be properly scheduled when the scheduler starts
2026-03-01 01:22:48,426 - INFO - ETL Started
2026-03-01 01:22:49,297 - INFO - ETL Completed Successfully
2026-03-01 01:22:49,302 - INFO - Added job "run_etl" to job store "default"
2026-03-01 01:22:49,302 - INFO - Scheduler started
2026-03-01 01:24:03,986 - INFO - Adding job tentatively -- it will be properly scheduled when the scheduler starts
2026-03-01 01:24:03,987 - INFO - ETL Started
2026-03-01 01:24:04,860 - INFO - ETL Completed Successfully
2026-03-01 01:24:04,863 - INFO - Added job "run_etl" to job store "default"
2026-03-01 01:24:04,863 - INFO - Scheduler started
2026-03-01 01:26:02,671 - INFO - Adding job tentatively -- it will be properly scheduled when the scheduler starts
2026-03-01 01:26:02,671 - INFO - ETL Started
2026-03-01 01:26:04,664 - INFO - ETL Completed Successfully
2026-03-01 01:26:04,667 - INFO - Added job "run_etl" to job store "default"
2026-03-01 01:26:04,668 - INFO - Scheduler started
2026-03-01 01:29:04,792 - INFO - Adding job tentatively -- it will be properly scheduled when the scheduler starts
2026-03-01 01:29:04,793 - INFO - ETL Started
2026-03-01 01:29:05,397 - INFO - ETL Completed Successfully
2026-03-01 01:29:05,403 - INFO - Added job "run_etl" to job store "default"
2026-03-01 01:29:05,403 - INFO - Scheduler started
2026-03-01 01:29:55,233 - INFO - Adding job tentatively -- it will be properly scheduled when the scheduler starts
2026-03-01 01:29:55,233 - INFO - ETL Started
2026-03-01 01:29:55,755 - INFO - ETL Completed Successfully
2026-03-01 01:29:55,775 - INFO - Added job "run_etl" to job store "default"
2026-03-01 01:29:55,775 - INFO - Scheduler started
2026-03-01 01:38:03,706 - INFO - Adding job tentatively -- it will be properly scheduled when the scheduler starts
2026-03-01 01:38:03,706 - INFO - ETL Started
2026-03-01 01:38:04,248 - INFO - ETL Completed Successfully
2026-03-01 01:38:04,250 - INFO - Added job "run_etl" to job store "default"
2026-03-01 01:38:04,250 - INFO - Scheduler started
2026-03-01 02:32:46,071 - INFO - Adding job tentatively -- it will be properly scheduled when the scheduler starts
2026-03-01 02:32:46,071 - INFO - ETL Started
2026-03-01 02:32:46,749 - INFO - ETL Completed Successfully
2026-03-01 02:32:46,753 - INFO - Added job "run_etl" to job store "default"
2026-03-01 02:32:46,753 - INFO - Scheduler started
